[INFO] Scanning for projects...
[INFO] 
[INFO] ------------------------< com.student:foundiit >------------------------
[INFO] Building foundiit 0.0.1-SNAPSHOT
[INFO]   from pom.xml
[INFO] --------------------------------[ jar ]---------------------------------
[INFO] 
[INFO] --- resources:3.3.1:resources (default-resources) @ foundiit ---
[INFO] Copying 1 resource from src\main\resources to target\classes
[INFO] Copying 9 resources from src\main\resources to target\classes
[INFO] 
[INFO] --- compiler:3.13.0:compile (default-compile) @ foundiit ---
[INFO] Recompiling the module because of changed source code.
[INFO] Compiling 30 source files with javac [debug parameters release 17] to target\classes
[INFO] -------------------------------------------------------------
[ERROR] COMPILATION ERROR : 
[INFO] -------------------------------------------------------------
[ERROR] /D:/foundiit-master/src/main/java/com/student/foundiit/service/UserService.java:[23,53] cannot find symbol
  symbol:   method getPassword()
  location: variable user of type com.student.foundiit.model.User
[ERROR] /D:/foundiit-master/src/main/java/com/student/foundiit/service/UserService.java:[42,37] cannot find symbol
  symbol:   method getName()
  location: variable updatedUser of type com.student.foundiit.model.User
[ERROR] /D:/foundiit-master/src/main/java/com/student/foundiit/service/UserService.java:[43,38] cannot find symbol
  symbol:   method getEmail()
  location: variable updatedUser of type com.student.foundiit.model.User
[ERROR] /D:/foundiit-master/src/main/java/com/student/foundiit/service/UserService.java:[44,24] cannot find symbol
  symbol:   method getPassword()
  location: variable updatedUser of type com.student.foundiit.model.User
[ERROR] /D:/foundiit-master/src/main/java/com/student/foundiit/service/UserService.java:[44,62] cannot find symbol
  symbol:   method getPassword()
  location: variable updatedUser of type com.student.foundiit.model.User
[ERROR] /D:/foundiit-master/src/main/java/com/student/foundiit/service/UserService.java:[45,68] cannot find symbol
  symbol:   method getPassword()
  location: variable updatedUser of type com.student.foundiit.model.User
[ERROR] /D:/foundiit-master/src/main/java/com/student/foundiit/service/UserService.java:[47,24] cannot find symbol
  symbol:   method getRole()
  location: variable updatedUser of type com.student.foundiit.model.User
[ERROR] /D:/foundiit-master/src/main/java/com/student/foundiit/service/UserService.java:[48,41] cannot find symbol
  symbol:   method getRole()
  location: variable updatedUser of type com.student.foundiit.model.User
[ERROR] /D:/foundiit-master/src/main/java/com/student/foundiit/controller/ClaimController.java:[44,14] cannot find symbol
  symbol:   method setUser(com.student.foundiit.model.User)
  location: variable claim of type com.student.foundiit.model.Claim
[ERROR] /D:/foundiit-master/src/main/java/com/student/foundiit/controller/ClaimController.java:[45,14] cannot find symbol
  symbol:   method setItem(com.student.foundiit.model.Item)
  location: variable claim of type com.student.foundiit.model.Claim
[ERROR] /D:/foundiit-master/src/main/java/com/student/foundiit/service/ClaimService.java:[42,14] cannot find symbol
  symbol:   method setStatus(com.student.foundiit.model.Claim.Status)
  location: variable claim of type com.student.foundiit.model.Claim
[ERROR] /D:/foundiit-master/src/main/java/com/student/foundiit/service/ItemService.java:[36,17] cannot find symbol
  symbol:   method setImage(java.lang.String)
  location: variable item of type com.student.foundiit.model.Item
[ERROR] /D:/foundiit-master/src/main/java/com/student/foundiit/service/ItemService.java:[68,38] cannot find symbol
  symbol:   method getTitle()
  location: variable updatedItem of type com.student.foundiit.model.Item
[ERROR] /D:/foundiit-master/src/main/java/com/student/foundiit/service/ItemService.java:[69,41] cannot find symbol
  symbol:   method getCategory()
  location: variable updatedItem of type com.student.foundiit.model.Item
[ERROR] /D:/foundiit-master/src/main/java/com/student/foundiit/service/ItemService.java:[70,37] cannot find symbol
  symbol:   method getType()
  location: variable updatedItem of type com.student.foundiit.model.Item
[ERROR] /D:/foundiit-master/src/main/java/com/student/foundiit/service/ItemService.java:[71,41] cannot find symbol
  symbol:   method getLocation()
  location: variable updatedItem of type com.student.foundiit.model.Item
[ERROR] /D:/foundiit-master/src/main/java/com/student/foundiit/service/ItemService.java:[72,44] cannot find symbol
  symbol:   method getDescription()
  location: variable updatedItem of type com.student.foundiit.model.Item
[ERROR] /D:/foundiit-master/src/main/java/com/student/foundiit/service/ItemService.java:[73,24] cannot find symbol
  symbol:   method getImage()
  location: variable updatedItem of type com.student.foundiit.model.Item
[ERROR] /D:/foundiit-master/src/main/java/com/student/foundiit/service/ItemService.java:[74,42] cannot find symbol
  symbol:   method getImage()
  location: variable updatedItem of type com.student.foundiit.model.Item
[ERROR] /D:/foundiit-master/src/main/java/com/student/foundiit/service/ItemService.java:[81,13] cannot find symbol
  symbol:   method setStatus(com.student.foundiit.model.Item.Status)
  location: variable item of type com.student.foundiit.model.Item
[ERROR] /D:/foundiit-master/src/main/java/com/student/foundiit/controller/ItemController.java:[39,13] cannot find symbol
  symbol:   method setUser(com.student.foundiit.model.User)
  location: variable item of type com.student.foundiit.model.Item
[ERROR] /D:/foundiit-master/src/main/java/com/student/foundiit/controller/api/AuthRestController.java:[32,13] cannot find symbol
  symbol:   method setName(java.lang.String)
  location: variable user of type com.student.foundiit.model.User
[ERROR] /D:/foundiit-master/src/main/java/com/student/foundiit/controller/api/AuthRestController.java:[33,13] cannot find symbol
  symbol:   method setEmail(java.lang.String)
  location: variable user of type com.student.foundiit.model.User
[ERROR] /D:/foundiit-master/src/main/java/com/student/foundiit/controller/api/AuthRestController.java:[34,13] cannot find symbol
  symbol:   method setPassword(java.lang.String)
  location: variable user of type com.student.foundiit.model.User
[ERROR] /D:/foundiit-master/src/main/java/com/student/foundiit/dto/UserDTO.java:[70,23] cannot find symbol
  symbol:   method getId()
  location: variable user of type com.student.foundiit.model.User
[ERROR] /D:/foundiit-master/src/main/java/com/student/foundiit/dto/UserDTO.java:[71,25] cannot find symbol
  symbol:   method getName()
  location: variable user of type com.student.foundiit.model.User
[ERROR] /D:/foundiit-master/src/main/java/com/student/foundiit/dto/UserDTO.java:[72,26] cannot find symbol
  symbol:   method getEmail()
  location: variable user of type com.student.foundiit.model.User
[ERROR] /D:/foundiit-master/src/main/java/com/student/foundiit/dto/UserDTO.java:[73,25] cannot find symbol
  symbol:   method getRole()
  location: variable user of type com.student.foundiit.model.User
[ERROR] /D:/foundiit-master/src/main/java/com/student/foundiit/dto/UserDTO.java:[74,30] cannot find symbol
  symbol:   method getCreatedAt()
  location: variable user of type com.student.foundiit.model.User
[ERROR] /D:/foundiit-master/src/main/java/com/student/foundiit/controller/api/ClaimRestController.java:[69,14] cannot find symbol
  symbol:   method setUser(com.student.foundiit.model.User)
  location: variable claim of type com.student.foundiit.model.Claim
[ERROR] /D:/foundiit-master/src/main/java/com/student/foundiit/controller/api/ClaimRestController.java:[70,14] cannot find symbol
  symbol:   method setItem(com.student.foundiit.model.Item)
  location: variable claim of type com.student.foundiit.model.Claim
[ERROR] /D:/foundiit-master/src/main/java/com/student/foundiit/controller/api/ClaimRestController.java:[71,14] cannot find symbol
  symbol:   method setProofDescription(java.lang.String)
  location: variable claim of type com.student.foundiit.model.Claim
[ERROR] /D:/foundiit-master/src/main/java/com/student/foundiit/dto/ClaimDTO.java:[101,24] cannot find symbol
  symbol:   method getId()
  location: variable claim of type com.student.foundiit.model.Claim
[ERROR] /D:/foundiit-master/src/main/java/com/student/foundiit/dto/ClaimDTO.java:[102,28] cannot find symbol
  symbol:   method getItem()
  location: variable claim of type com.student.foundiit.model.Claim
[ERROR] /D:/foundiit-master/src/main/java/com/student/foundiit/dto/ClaimDTO.java:[103,31] cannot find symbol
  symbol:   method getItem()
  location: variable claim of type com.student.foundiit.model.Claim
[ERROR] /D:/foundiit-master/src/main/java/com/student/foundiit/dto/ClaimDTO.java:[104,28] cannot find symbol
  symbol:   method getUser()
  location: variable claim of type com.student.foundiit.model.Claim
[ERROR] /D:/foundiit-master/src/main/java/com/student/foundiit/dto/ClaimDTO.java:[105,30] cannot find symbol
  symbol:   method getUser()
  location: variable claim of type com.student.foundiit.model.Claim
[ERROR] /D:/foundiit-master/src/main/java/com/student/foundiit/dto/ClaimDTO.java:[106,38] cannot find symbol
  symbol:   method getProofDescription()
  location: variable claim of type com.student.foundiit.model.Claim
[ERROR] /D:/foundiit-master/src/main/java/com/student/foundiit/dto/ClaimDTO.java:[107,28] cannot find symbol
  symbol:   method getStatus()
  location: variable claim of type com.student.foundiit.model.Claim
[ERROR] /D:/foundiit-master/src/main/java/com/student/foundiit/dto/ClaimDTO.java:[108,31] cannot find symbol
  symbol:   method getCreatedAt()
  location: variable claim of type com.student.foundiit.model.Claim
[ERROR] /D:/foundiit-master/src/main/java/com/student/foundiit/controller/api/ItemRestController.java:[64,13] cannot find symbol
  symbol:   method setTitle(java.lang.String)
  location: variable item of type com.student.foundiit.model.Item
[ERROR] /D:/foundiit-master/src/main/java/com/student/foundiit/controller/api/ItemRestController.java:[65,13] cannot find symbol
  symbol:   method setCategory(java.lang.String)
  location: variable item of type com.student.foundiit.model.Item
[ERROR] /D:/foundiit-master/src/main/java/com/student/foundiit/controller/api/ItemRestController.java:[66,13] cannot find symbol
  symbol:   method setType(com.student.foundiit.model.Item.ItemType)
  location: variable item of type com.student.foundiit.model.Item
[ERROR] /D:/foundiit-master/src/main/java/com/student/foundiit/controller/api/ItemRestController.java:[67,13] cannot find symbol
  symbol:   method setLocation(java.lang.String)
  location: variable item of type com.student.foundiit.model.Item
[ERROR] /D:/foundiit-master/src/main/java/com/student/foundiit/controller/api/ItemRestController.java:[68,13] cannot find symbol
  symbol:   method setDescription(java.lang.String)
  location: variable item of type com.student.foundiit.model.Item
[ERROR] /D:/foundiit-master/src/main/java/com/student/foundiit/controller/api/ItemRestController.java:[69,13] cannot find symbol
  symbol:   method setUser(com.student.foundiit.model.User)
  location: variable item of type com.student.foundiit.model.Item
[ERROR] /D:/foundiit-master/src/main/java/com/student/foundiit/controller/api/ItemRestController.java:[79,13] cannot find symbol
  symbol:   method setTitle(java.lang.String)
  location: variable item of type com.student.foundiit.model.Item
[ERROR] /D:/foundiit-master/src/main/java/com/student/foundiit/controller/api/ItemRestController.java:[80,13] cannot find symbol
  symbol:   method setCategory(java.lang.String)
  location: variable item of type com.student.foundiit.model.Item
[ERROR] /D:/foundiit-master/src/main/java/com/student/foundiit/controller/api/ItemRestController.java:[81,13] cannot find symbol
  symbol:   method setType(com.student.foundiit.model.Item.ItemType)
  location: variable item of type com.student.foundiit.model.Item
[ERROR] /D:/foundiit-master/src/main/java/com/student/foundiit/controller/api/ItemRestController.java:[82,13] cannot find symbol
  symbol:   method setLocation(java.lang.String)
  location: variable item of type com.student.foundiit.model.Item
[ERROR] /D:/foundiit-master/src/main/java/com/student/foundiit/controller/api/ItemRestController.java:[83,13] cannot find symbol
  symbol:   method setDescription(java.lang.String)
  location: variable item of type com.student.foundiit.model.Item
[ERROR] /D:/foundiit-master/src/main/java/com/student/foundiit/dto/ItemDTO.java:[131,23] cannot find symbol
  symbol:   method getId()
  location: variable item of type com.student.foundiit.model.Item
[ERROR] /D:/foundiit-master/src/main/java/com/student/foundiit/dto/ItemDTO.java:[132,26] cannot find symbol
  symbol:   method getTitle()
  location: variable item of type com.student.foundiit.model.Item
[ERROR] /D:/foundiit-master/src/main/java/com/student/foundiit/dto/ItemDTO.java:[133,29] cannot find symbol
  symbol:   method getCategory()
  location: variable item of type com.student.foundiit.model.Item
[ERROR] /D:/foundiit-master/src/main/java/com/student/foundiit/dto/ItemDTO.java:[134,25] cannot find symbol
  symbol:   method getType()
  location: variable item of type com.student.foundiit.model.Item
[ERROR] /D:/foundiit-master/src/main/java/com/student/foundiit/dto/ItemDTO.java:[135,29] cannot find symbol
  symbol:   method getLocation()
  location: variable item of type com.student.foundiit.model.Item
[ERROR] /D:/foundiit-master/src/main/java/com/student/foundiit/dto/ItemDTO.java:[136,32] cannot find symbol
  symbol:   method getDescription()
  location: variable item of type com.student.foundiit.model.Item
[ERROR] /D:/foundiit-master/src/main/java/com/student/foundiit/dto/ItemDTO.java:[137,26] cannot find symbol
  symbol:   method getImage()
  location: variable item of type com.student.foundiit.model.Item
[ERROR] /D:/foundiit-master/src/main/java/com/student/foundiit/dto/ItemDTO.java:[138,27] cannot find symbol
  symbol:   method getStatus()
  location: variable item of type com.student.foundiit.model.Item
[ERROR] /D:/foundiit-master/src/main/java/com/student/foundiit/dto/ItemDTO.java:[139,27] cannot find symbol
  symbol:   method getUser()
  location: variable item of type com.student.foundiit.model.Item
[ERROR] /D:/foundiit-master/src/main/java/com/student/foundiit/dto/ItemDTO.java:[140,29] cannot find symbol
  symbol:   method getUser()
  location: variable item of type com.student.foundiit.model.Item
[ERROR] /D:/foundiit-master/src/main/java/com/student/foundiit/dto/ItemDTO.java:[141,30] cannot find symbol
  symbol:   method getCreatedAt()
  location: variable item of type com.student.foundiit.model.Item
[ERROR] /D:/foundiit-master/src/main/java/com/student/foundiit/service/CustomUserDetailsService.java:[28,21] cannot find symbol
  symbol:   method getEmail()
  location: variable user of type com.student.foundiit.model.User
[ERROR] /D:/foundiit-master/src/main/java/com/student/foundiit/service/CustomUserDetailsService.java:[29,21] cannot find symbol
  symbol:   method getPassword()
  location: variable user of type com.student.foundiit.model.User
[ERROR] /D:/foundiit-master/src/main/java/com/student/foundiit/service/CustomUserDetailsService.java:[30,84] cannot find symbol
  symbol:   method getRole()
  location: variable user of type com.student.foundiit.model.User
[INFO] 65 errors 
[INFO] -------------------------------------------------------------
[INFO] ------------------------------------------------------------------------
[INFO] BUILD FAILURE
[INFO] ------------------------------------------------------------------------
[INFO] Total time:  2.134 s
[INFO] Finished at: 2026-03-13T22:17:47+02:00
[INFO] ------------------------------------------------------------------------
[ERROR] Failed to execute goal org.apache.maven.plugins:maven-compiler-plugin:3.13.0:compile (default-compile) on project foundiit: Compilation failure: Compilation failure: 
[ERROR] /D:/foundiit-master/src/main/java/com/student/foundiit/service/UserService.java:[23,53] cannot find symbol
[ERROR]   symbol:   method getPassword()
[ERROR]   location: variable user of type com.student.foundiit.model.User
[ERROR] /D:/foundiit-master/src/main/java/com/student/foundiit/service/UserService.java:[42,37] cannot find symbol
[ERROR]   symbol:   method getName()
[ERROR]   location: variable updatedUser of type com.student.foundiit.model.User
[ERROR] /D:/foundiit-master/src/main/java/com/student/foundiit/service/UserService.java:[43,38] cannot find symbol
[ERROR]   symbol:   method getEmail()
[ERROR]   location: variable updatedUser of type com.student.foundiit.model.User
[ERROR] /D:/foundiit-master/src/main/java/com/student/foundiit/service/UserService.java:[44,24] cannot find symbol
[ERROR]   symbol:   method getPassword()
[ERROR]   location: variable updatedUser of type com.student.foundiit.model.User
[ERROR] /D:/foundiit-master/src/main/java/com/student/foundiit/service/UserService.java:[44,62] cannot find symbol
[ERROR]   symbol:   method getPassword()
[ERROR]   location: variable updatedUser of type com.student.foundiit.model.User
[ERROR] /D:/foundiit-master/src/main/java/com/student/foundiit/service/UserService.java:[45,68] cannot find symbol
[ERROR]   symbol:   method getPassword()
[ERROR]   location: variable updatedUser of type com.student.foundiit.model.User
[ERROR] /D:/foundiit-master/src/main/java/com/student/foundiit/service/UserService.java:[47,24] cannot find symbol
[ERROR]   symbol:   method getRole()
[ERROR]   location: variable updatedUser of type com.student.foundiit.model.User
[ERROR] /D:/foundiit-master/src/main/java/com/student/foundiit/service/UserService.java:[48,41] cannot find symbol
[ERROR]   symbol:   method getRole()
[ERROR]   location: variable updatedUser of type com.student.foundiit.model.User
[ERROR] /D:/foundiit-master/src/main/java/com/student/foundiit/controller/ClaimController.java:[44,14] cannot find symbol
[ERROR]   symbol:   method setUser(com.student.foundiit.model.User)
[ERROR]   location: variable claim of type com.student.foundiit.model.Claim
[ERROR] /D:/foundiit-master/src/main/java/com/student/foundiit/controller/ClaimController.java:[45,14] cannot find symbol
[ERROR]   symbol:   method setItem(com.student.foundiit.model.Item)
[ERROR]   location: variable claim of type com.student.foundiit.model.Claim
[ERROR] /D:/foundiit-master/src/main/java/com/student/foundiit/service/ClaimService.java:[42,14] cannot find symbol
[ERROR]   symbol:   method setStatus(com.student.foundiit.model.Claim.Status)
[ERROR]   location: variable claim of type com.student.foundiit.model.Claim
[ERROR] /D:/foundiit-master/src/main/java/com/student/foundiit/service/ItemService.java:[36,17] cannot find symbol
[ERROR]   symbol:   method setImage(java.lang.String)
[ERROR]   location: variable item of type com.student.foundiit.model.Item
[ERROR] /D:/foundiit-master/src/main/java/com/student/foundiit/service/ItemService.java:[68,38] cannot find symbol
[ERROR]   symbol:   method getTitle()
[ERROR]   location: variable updatedItem of type com.student.foundiit.model.Item
[ERROR] /D:/foundiit-master/src/main/java/com/student/foundiit/service/ItemService.java:[69,41] cannot find symbol
[ERROR]   symbol:   method getCategory()
[ERROR]   location: variable updatedItem of type com.student.foundiit.model.Item
[ERROR] /D:/foundiit-master/src/main/java/com/student/foundiit/service/ItemService.java:[70,37] cannot find symbol
[ERROR]   symbol:   method getType()
[ERROR]   location: variable updatedItem of type com.student.foundiit.model.Item
[ERROR] /D:/foundiit-master/src/main/java/com/student/foundiit/service/ItemService.java:[71,41] cannot find symbol
[ERROR]   symbol:   method getLocation()
[ERROR]   location: variable updatedItem of type com.student.foundiit.model.Item
[ERROR] /D:/foundiit-master/src/main/java/com/student/foundiit/service/ItemService.java:[72,44] cannot find symbol
[ERROR]   symbol:   method getDescription()
[ERROR]   location: variable updatedItem of type com.student.foundiit.model.Item
[ERROR] /D:/foundiit-master/src/main/java/com/student/foundiit/service/ItemService.java:[73,24] cannot find symbol
[ERROR]   symbol:   method getImage()
[ERROR]   location: variable updatedItem of type com.student.foundiit.model.Item
[ERROR] /D:/foundiit-master/src/main/java/com/student/foundiit/service/ItemService.java:[74,42] cannot find symbol
[ERROR]   symbol:   method getImage()
[ERROR]   location: variable updatedItem of type com.student.foundiit.model.Item
[ERROR] /D:/foundiit-master/src/main/java/com/student/foundiit/service/ItemService.java:[81,13] cannot find symbol
[ERROR]   symbol:   method setStatus(com.student.foundiit.model.Item.Status)
[ERROR]   location: variable item of type com.student.foundiit.model.Item
[ERROR] /D:/foundiit-master/src/main/java/com/student/foundiit/controller/ItemController.java:[39,13] cannot find symbol
[ERROR]   symbol:   method setUser(com.student.foundiit.model.User)
[ERROR]   location: variable item of type com.student.foundiit.model.Item
[ERROR] /D:/foundiit-master/src/main/java/com/student/foundiit/controller/api/AuthRestController.java:[32,13] cannot find symbol
[ERROR]   symbol:   method setName(java.lang.String)
[ERROR]   location: variable user of type com.student.foundiit.model.User
[ERROR] /D:/foundiit-master/src/main/java/com/student/foundiit/controller/api/AuthRestController.java:[33,13] cannot find symbol
[ERROR]   symbol:   method setEmail(java.lang.String)
[ERROR]   location: variable user of type com.student.foundiit.model.User
[ERROR] /D:/foundiit-master/src/main/java/com/student/foundiit/controller/api/AuthRestController.java:[34,13] cannot find symbol
[ERROR]   symbol:   method setPassword(java.lang.String)
[ERROR]   location: variable user of type com.student.foundiit.model.User
[ERROR] /D:/foundiit-master/src/main/java/com/student/foundiit/dto/UserDTO.java:[70,23] cannot find symbol
[ERROR]   symbol:   method getId()
[ERROR]   location: variable user of type com.student.foundiit.model.User
[ERROR] /D:/foundiit-master/src/main/java/com/student/foundiit/dto/UserDTO.java:[71,25] cannot find symbol
[ERROR]   symbol:   method getName()
[ERROR]   location: variable user of type com.student.foundiit.model.User
[ERROR] /D:/foundiit-master/src/main/java/com/student/foundiit/dto/UserDTO.java:[72,26] cannot find symbol
[ERROR]   symbol:   method getEmail()
[ERROR]   location: variable user of type com.student.foundiit.model.User
[ERROR] /D:/foundiit-master/src/main/java/com/student/foundiit/dto/UserDTO.java:[73,25] cannot find symbol
[ERROR]   symbol:   method getRole()
[ERROR]   location: variable user of type com.student.foundiit.model.User
[ERROR] /D:/foundiit-master/src/main/java/com/student/foundiit/dto/UserDTO.java:[74,30] cannot find symbol
[ERROR]   symbol:   method getCreatedAt()
[ERROR]   location: variable user of type com.student.foundiit.model.User
[ERROR] /D:/foundiit-master/src/main/java/com/student/foundiit/controller/api/ClaimRestController.java:[69,14] cannot find symbol
[ERROR]   symbol:   method setUser(com.student.foundiit.model.User)
[ERROR]   location: variable claim of type com.student.foundiit.model.Claim
[ERROR] /D:/foundiit-master/src/main/java/com/student/foundiit/controller/api/ClaimRestController.java:[70,14] cannot find symbol
[ERROR]   symbol:   method setItem(com.student.foundiit.model.Item)
[ERROR]   location: variable claim of type com.student.foundiit.model.Claim
[ERROR] /D:/foundiit-master/src/main/java/com/student/foundiit/controller/api/ClaimRestController.java:[71,14] cannot find symbol
[ERROR]   symbol:   method setProofDescription(java.lang.String)
[ERROR]   location: variable claim of type com.student.foundiit.model.Claim
[ERROR] /D:/foundiit-master/src/main/java/com/student/foundiit/dto/ClaimDTO.java:[101,24] cannot find symbol
[ERROR]   symbol:   method getId()
[ERROR]   location: variable claim of type com.student.foundiit.model.Claim
[ERROR] /D:/foundiit-master/src/main/java/com/student/foundiit/dto/ClaimDTO.java:[102,28] cannot find symbol
[ERROR]   symbol:   method getItem()
[ERROR]   location: variable claim of type com.student.foundiit.model.Claim
[ERROR] /D:/foundiit-master/src/main/java/com/student/foundiit/dto/ClaimDTO.java:[103,31] cannot find symbol
[ERROR]   symbol:   method getItem()
[ERROR]   location: variable claim of type com.student.foundiit.model.Claim
[ERROR] /D:/foundiit-master/src/main/java/com/student/foundiit/dto/ClaimDTO.java:[104,28] cannot find symbol
[ERROR]   symbol:   method getUser()
[ERROR]   location: variable claim of type com.student.foundiit.model.Claim
[ERROR] /D:/foundiit-master/src/main/java/com/student/foundiit/dto/ClaimDTO.java:[105,30] cannot find symbol
[ERROR]   symbol:   method getUser()
[ERROR]   location: variable claim of type com.student.foundiit.model.Claim
[ERROR] /D:/foundiit-master/src/main/java/com/student/foundiit/dto/ClaimDTO.java:[106,38] cannot find symbol
[ERROR]   symbol:   method getProofDescription()
[ERROR]   location: variable claim of type com.student.foundiit.model.Claim
[ERROR] /D:/foundiit-master/src/main/java/com/student/foundiit/dto/ClaimDTO.java:[107,28] cannot find symbol
[ERROR]   symbol:   method getStatus()
[ERROR]   location: variable claim of type com.student.foundiit.model.Claim
[ERROR] /D:/foundiit-master/src/main/java/com/student/foundiit/dto/ClaimDTO.java:[108,31] cannot find symbol
[ERROR]   symbol:   method getCreatedAt()
[ERROR]   location: variable claim of type com.student.foundiit.model.Claim
[ERROR] /D:/foundiit-master/src/main/java/com/student/foundiit/controller/api/ItemRestController.java:[64,13] cannot find symbol
[ERROR]   symbol:   method setTitle(java.lang.String)
[ERROR]   location: variable item of type com.student.foundiit.model.Item
[ERROR] /D:/foundiit-master/src/main/java/com/student/foundiit/controller/api/ItemRestController.java:[65,13] cannot find symbol
[ERROR]   symbol:   method setCategory(java.lang.String)
[ERROR]   location: variable item of type com.student.foundiit.model.Item
[ERROR] /D:/foundiit-master/src/main/java/com/student/foundiit/controller/api/ItemRestController.java:[66,13] cannot find symbol
[ERROR]   symbol:   method setType(com.student.foundiit.model.Item.ItemType)
[ERROR]   location: variable item of type com.student.foundiit.model.Item
[ERROR] /D:/foundiit-master/src/main/java/com/student/foundiit/controller/api/ItemRestController.java:[67,13] cannot find symbol
[ERROR]   symbol:   method setLocation(java.lang.String)
[ERROR]   location: variable item of type com.student.foundiit.model.Item
[ERROR] /D:/foundiit-master/src/main/java/com/student/foundiit/controller/api/ItemRestController.java:[68,13] cannot find symbol
[ERROR]   symbol:   method setDescription(java.lang.String)
[ERROR]   location: variable item of type com.student.foundiit.model.Item
[ERROR] /D:/foundiit-master/src/main/java/com/student/foundiit/controller/api/ItemRestController.java:[69,13] cannot find symbol
[ERROR]   symbol:   method setUser(com.student.foundiit.model.User)
[ERROR]   location: variable item of type com.student.foundiit.model.Item
[ERROR] /D:/foundiit-master/src/main/java/com/student/foundiit/controller/api/ItemRestController.java:[79,13] cannot find symbol
[ERROR]   symbol:   method setTitle(java.lang.String)
[ERROR]   location: variable item of type com.student.foundiit.model.Item
[ERROR] /D:/foundiit-master/src/main/java/com/student/foundiit/controller/api/ItemRestController.java:[80,13] cannot find symbol
[ERROR]   symbol:   method setCategory(java.lang.String)
[ERROR]   location: variable item of type com.student.foundiit.model.Item
[ERROR] /D:/foundiit-master/src/main/java/com/student/foundiit/controller/api/ItemRestController.java:[81,13] cannot find symbol
[ERROR]   symbol:   method setType(com.student.foundiit.model.Item.ItemType)
[ERROR]   location: variable item of type com.student.foundiit.model.Item
[ERROR] /D:/foundiit-master/src/main/java/com/student/foundiit/controller/api/ItemRestController.java:[82,13] cannot find symbol
[ERROR]   symbol:   method setLocation(java.lang.String)
[ERROR]   location: variable item of type com.student.foundiit.model.Item
[ERROR] /D:/foundiit-master/src/main/java/com/student/foundiit/controller/api/ItemRestController.java:[83,13] cannot find symbol
[ERROR]   symbol:   method setDescription(java.lang.String)
[ERROR]   location: variable item of type com.student.foundiit.model.Item
[ERROR] /D:/foundiit-master/src/main/java/com/student/foundiit/dto/ItemDTO.java:[131,23] cannot find symbol
[ERROR]   symbol:   method getId()
[ERROR]   location: variable item of type com.student.foundiit.model.Item
[ERROR] /D:/foundiit-master/src/main/java/com/student/foundiit/dto/ItemDTO.java:[132,26] cannot find symbol
[ERROR]   symbol:   method getTitle()
[ERROR]   location: variable item of type com.student.foundiit.model.Item
[ERROR] /D:/foundiit-master/src/main/java/com/student/foundiit/dto/ItemDTO.java:[133,29] cannot find symbol
[ERROR]   symbol:   method getCategory()
[ERROR]   location: variable item of type com.student.foundiit.model.Item
[ERROR] /D:/foundiit-master/src/main/java/com/student/foundiit/dto/ItemDTO.java:[134,25] cannot find symbol
[ERROR]   symbol:   method getType()
[ERROR]   location: variable item of type com.student.foundiit.model.Item
[ERROR] /D:/foundiit-master/src/main/java/com/student/foundiit/dto/ItemDTO.java:[135,29] cannot find symbol
[ERROR]   symbol:   method getLocation()
[ERROR]   location: variable item of type com.student.foundiit.model.Item
[ERROR] /D:/foundiit-master/src/main/java/com/student/foundiit/dto/ItemDTO.java:[136,32] cannot find symbol
[ERROR]   symbol:   method getDescription()
[ERROR]   location: variable item of type com.student.foundiit.model.Item
[ERROR] /D:/foundiit-master/src/main/java/com/student/foundiit/dto/ItemDTO.java:[137,26] cannot find symbol
[ERROR]   symbol:   method getImage()
[ERROR]   location: variable item of type com.student.foundiit.model.Item
[ERROR] /D:/foundiit-master/src/main/java/com/student/foundiit/dto/ItemDTO.java:[138,27] cannot find symbol
[ERROR]   symbol:   method getStatus()
[ERROR]   location: variable item of type com.student.foundiit.model.Item
[ERROR] /D:/foundiit-master/src/main/java/com/student/foundiit/dto/ItemDTO.java:[139,27] cannot find symbol
[ERROR]   symbol:   method getUser()
[ERROR]   location: variable item of type com.student.foundiit.model.Item
[ERROR] /D:/foundiit-master/src/main/java/com/student/foundiit/dto/ItemDTO.java:[140,29] cannot find symbol
[ERROR]   symbol:   method getUser()
[ERROR]   location: variable item of type com.student.foundiit.model.Item
[ERROR] /D:/foundiit-master/src/main/java/com/student/foundiit/dto/ItemDTO.java:[141,30] cannot find symbol
[ERROR]   symbol:   method getCreatedAt()
[ERROR]   location: variable item of type com.student.foundiit.model.Item
[ERROR] /D:/foundiit-master/src/main/java/com/student/foundiit/service/CustomUserDetailsService.java:[28,21] cannot find symbol
[ERROR]   symbol:   method getEmail()
[ERROR]   location: variable user of type com.student.foundiit.model.User
[ERROR] /D:/foundiit-master/src/main/java/com/student/foundiit/service/CustomUserDetailsService.java:[29,21] cannot find symbol
[ERROR]   symbol:   method getPassword()
[ERROR]   location: variable user of type com.student.foundiit.model.User
[ERROR] /D:/foundiit-master/src/main/java/com/student/foundiit/service/CustomUserDetailsService.java:[30,84] cannot find symbol
[ERROR]   symbol:   method getRole()
[ERROR]   location: variable user of type com.student.foundiit.model.User
[ERROR] -> [Help 1]
[ERROR] 
[ERROR] To see the full stack trace of the errors, re-run Maven with the -e switch.
[ERROR] Re-run Maven using the -X switch to enable full debug logging.
[ERROR] 
[ERROR] For more information about the errors and possible solutions, please read the following articles:
[ERROR] [Help 1] http://cwiki.apache.org/confluence/display/MAVEN/MojoFailureException
